Release 14.7 - xst P.20131013 (nt)
Copyright (c) 1995-2013 Xilinx, Inc.  All rights reserved.
--> Parameter TMPDIR set to xst/projnav.tmp


Total REAL time to Xst completion: 0.00 secs
Total CPU time to Xst completion: 0.42 secs
 
--> Parameter xsthdpdir set to xst


Total REAL time to Xst completion: 0.00 secs
Total CPU time to Xst completion: 0.42 secs
 
--> Reading design: Union.prj

TABLE OF CONTENTS
  1) Synthesis Options Summary
  2) HDL Parsing
  3) HDL Elaboration
  4) HDL Synthesis
       4.1) HDL Synthesis Report
  5) Advanced HDL Synthesis
       5.1) Advanced HDL Synthesis Report
  6) Low Level Synthesis
  7) Partition Report
  8) Design Summary
       8.1) Primitive and Black Box Usage
       8.2) Device utilization summary
       8.3) Partition Resource Summary
       8.4) Timing Report
            8.4.1) Clock Information
            8.4.2) Asynchronous Control Signals Information
            8.4.3) Timing Summary
            8.4.4) Timing Details
            8.4.5) Cross Clock Domains Report


=========================================================================
*                      Synthesis Options Summary                        *
=========================================================================
---- Source Parameters
Input File Name                    : "Union.prj"
Ignore Synthesis Constraint File   : NO

---- Target Parameters
Output File Name                   : "Union"
Output Format                      : NGC
Target Device                      : xc7a100t-3-csg324

---- Source Options
Top Module Name                    : Union
Automatic FSM Extraction           : YES
FSM Encoding Algorithm             : Auto
Safe Implementation                : No
FSM Style                          : LUT
RAM Extraction                     : Yes
RAM Style                          : Auto
ROM Extraction                     : Yes
Shift Register Extraction          : YES
ROM Style                          : Auto
Resource Sharing                   : YES
Asynchronous To Synchronous        : NO
Shift Register Minimum Size        : 2
Use DSP Block                      : Auto
Automatic Register Balancing       : No

---- Target Options
LUT Combining                      : Auto
Reduce Control Sets                : Auto
Add IO Buffers                     : YES
Global Maximum Fanout              : 100000
Add Generic Clock Buffer(BUFG)     : 32
Register Duplication               : YES
Optimize Instantiated Primitives   : NO
Use Clock Enable                   : Auto
Use Synchronous Set                : Auto
Use Synchronous Reset              : Auto
Pack IO Registers into IOBs        : Auto
Equivalent register Removal        : YES

---- General Options
Optimization Goal                  : Speed
Optimization Effort                : 1
Power Reduction                    : NO
Keep Hierarchy                     : No
Netlist Hierarchy                  : As_Optimized
RTL Output                         : Yes
Global Optimization                : AllClockNets
Read Cores                         : YES
Write Timing Constraints           : NO
Cross Clock Analysis               : NO
Hierarchy Separator                : /
Bus Delimiter                      : <>
Case Specifier                     : Maintain
Slice Utilization Ratio            : 100
BRAM Utilization Ratio             : 100
DSP48 Utilization Ratio            : 100
Auto BRAM Packing                  : NO
Slice Utilization Ratio Delta      : 5

=========================================================================


=========================================================================
*                          HDL Parsing                                  *
=========================================================================
Parsing VHDL file "C:\Users\Acer\Desktop\Arquitectura\P9\unicontrol\unicontrol.vhd" into library work
Parsing entity <unicontrol>.
Parsing architecture <Behavioral> of entity <unicontrol>.
Parsing VHDL file "C:\Users\Acer\Desktop\Arquitectura\P9\regEdo\regEdo2.vhd" into library work
Parsing entity <regEdo2>.
Parsing architecture <Behavioral> of entity <regedo2>.
Parsing VHDL file "C:\Users\Acer\Desktop\Arquitectura\P9\nivel\nivel.vhd" into library work
Parsing entity <nivel>.
Parsing architecture <Behavioral> of entity <nivel>.
Parsing VHDL file "C:\Users\Acer\Desktop\Arquitectura\P9\microOpCode\microOpCode.vhd" into library work
Parsing entity <microOpCode>.
Parsing architecture <Behavioral> of entity <microopcode>.
Parsing VHDL file "C:\Users\Acer\Desktop\Arquitectura\P9\microFuncion\microFuncion.vhd" into library work
Parsing entity <microFuncion>.
Parsing architecture <Behavioral> of entity <microfuncion>.
Parsing VHDL file "C:\Users\Acer\Desktop\Arquitectura\P9\decoInst\decoInst.vhd" into library work
Parsing entity <decoInst>.
Parsing architecture <Behavioral> of entity <decoinst>.
Parsing VHDL file "C:\Users\Acer\Desktop\Arquitectura\P9\condicion\condicion.vhd" into library work
Parsing entity <condicion>.
Parsing architecture <Behavioral> of entity <condicion>.
Parsing VHDL file "C:\Users\Acer\Desktop\Arquitectura\P9\Union\Union.vhd" into library work
ERROR:HDLCompiler:104 - "C:\Users\Acer\Desktop\Arquitectura\P9\Union\Union.vhd" Line 5: Cannot find <packet> in library <work>. Please ensure that the library was compiled, and that a library and a use clause are present in the VHDL file.
Parsing entity <Union>.
ERROR:HDLCompiler:854 - "C:\Users\Acer\Desktop\Arquitectura\P9\Union\Union.vhd" Line 8: Unit <union> ignored due to previous errors.
Parsing architecture <Behavioral> of entity <union>.
ERROR:HDLCompiler:374 - "C:\Users\Acer\Desktop\Arquitectura\P9\Union\Union.vhd" Line 17: Entity <union> is not yet compiled.
ERROR:HDLCompiler:69 - "C:\Users\Acer\Desktop\Arquitectura\P9\Union\Union.vhd" Line 19: <std_logic> is not declared.
ERROR:HDLCompiler:69 - "C:\Users\Acer\Desktop\Arquitectura\P9\Union\Union.vhd" Line 20: <std_logic> is not declared.
ERROR:HDLCompiler:69 - "C:\Users\Acer\Desktop\Arquitectura\P9\Union\Union.vhd" Line 21: <std_logic> is not declared.
ERROR:HDLCompiler:69 - "C:\Users\Acer\Desktop\Arquitectura\P9\Union\Union.vhd" Line 22: <std_logic_vector> is not declared.
ERROR:HDLCompiler:69 - "C:\Users\Acer\Desktop\Arquitectura\P9\Union\Union.vhd" Line 23: <std_logic> is not declared.
ERROR:HDLCompiler:69 - "C:\Users\Acer\Desktop\Arquitectura\P9\Union\Union.vhd" Line 24: <std_logic_vector> is not declared.
ERROR:HDLCompiler:69 - "C:\Users\Acer\Desktop\Arquitectura\P9\Union\Union.vhd" Line 25: <std_logic_vector> is not declared.
ERROR:HDLCompiler:69 - "C:\Users\Acer\Desktop\Arquitectura\P9\Union\Union.vhd" Line 29: <condicion> is not declared.
ERROR:HDLCompiler:69 - "C:\Users\Acer\Desktop\Arquitectura\P9\Union\Union.vhd" Line 31: <decoinst> is not declared.
ERROR:HDLCompiler:69 - "C:\Users\Acer\Desktop\Arquitectura\P9\Union\Union.vhd" Line 33: <microfuncion> is not declared.
ERROR:HDLCompiler:69 - "C:\Users\Acer\Desktop\Arquitectura\P9\Union\Union.vhd" Line 35: <microopcode> is not declared.
ERROR:HDLCompiler:69 - "C:\Users\Acer\Desktop\Arquitectura\P9\Union\Union.vhd" Line 37: <nivel> is not declared.
ERROR:HDLCompiler:69 - "C:\Users\Acer\Desktop\Arquitectura\P9\Union\Union.vhd" Line 39: <regedo2> is not declared.
ERROR:HDLCompiler:69 - "C:\Users\Acer\Desktop\Arquitectura\P9\Union\Union.vhd" Line 41: <unicontrol> is not declared.
ERROR:HDLCompiler:69 - "C:\Users\Acer\Desktop\Arquitectura\P9\Union\Union.vhd" Line 43: <sdopc2> is not declared.
ERROR:HDLCompiler:69 - "C:\Users\Acer\Desktop\Arquitectura\P9\Union\Union.vhd" Line 46: <sm2> is not declared.
Sorry, too many errors..
--> 

Total memory usage is 179812 kilobytes

Number of errors   :   19 (   0 filtered)
Number of warnings :    0 (   0 filtered)
Number of infos    :    0 (   0 filtered)

