Release 14.7 - xst P.20131013 (nt)
Copyright (c) 1995-2013 Xilinx, Inc.  All rights reserved.
--> Parameter TMPDIR set to xst/projnav.tmp


Total REAL time to Xst completion: 1.00 secs
Total CPU time to Xst completion: 0.46 secs
 
--> Parameter xsthdpdir set to xst


Total REAL time to Xst completion: 1.00 secs
Total CPU time to Xst completion: 0.47 secs
 
--> Reading design: pila.prj

TABLE OF CONTENTS
  1) Synthesis Options Summary
  2) HDL Parsing
  3) HDL Elaboration
  4) HDL Synthesis
       4.1) HDL Synthesis Report
  5) Advanced HDL Synthesis
       5.1) Advanced HDL Synthesis Report
  6) Low Level Synthesis
  7) Partition Report
  8) Design Summary
       8.1) Primitive and Black Box Usage
       8.2) Device utilization summary
       8.3) Partition Resource Summary
       8.4) Timing Report
            8.4.1) Clock Information
            8.4.2) Asynchronous Control Signals Information
            8.4.3) Timing Summary
            8.4.4) Timing Details
            8.4.5) Cross Clock Domains Report


=========================================================================
*                      Synthesis Options Summary                        *
=========================================================================
---- Source Parameters
Input File Name                    : "pila.prj"
Ignore Synthesis Constraint File   : NO

---- Target Parameters
Output File Name                   : "pila"
Output Format                      : NGC
Target Device                      : xc7a100t-3-csg324

---- Source Options
Top Module Name                    : pila
Automatic FSM Extraction           : YES
FSM Encoding Algorithm             : Auto
Safe Implementation                : No
FSM Style                          : LUT
RAM Extraction                     : Yes
RAM Style                          : Auto
ROM Extraction                     : Yes
Shift Register Extraction          : YES
ROM Style                          : Auto
Resource Sharing                   : YES
Asynchronous To Synchronous        : NO
Shift Register Minimum Size        : 2
Use DSP Block                      : Auto
Automatic Register Balancing       : No

---- Target Options
LUT Combining                      : Auto
Reduce Control Sets                : Auto
Add IO Buffers                     : YES
Global Maximum Fanout              : 100000
Add Generic Clock Buffer(BUFG)     : 32
Register Duplication               : YES
Optimize Instantiated Primitives   : NO
Use Clock Enable                   : Auto
Use Synchronous Set                : Auto
Use Synchronous Reset              : Auto
Pack IO Registers into IOBs        : Auto
Equivalent register Removal        : YES

---- General Options
Optimization Goal                  : Speed
Optimization Effort                : 1
Power Reduction                    : NO
Keep Hierarchy                     : No
Netlist Hierarchy                  : As_Optimized
RTL Output                         : Yes
Global Optimization                : AllClockNets
Read Cores                         : YES
Write Timing Constraints           : NO
Cross Clock Analysis               : NO
Hierarchy Separator                : /
Bus Delimiter                      : <>
Case Specifier                     : Maintain
Slice Utilization Ratio            : 100
BRAM Utilization Ratio             : 100
DSP48 Utilization Ratio            : 100
Auto BRAM Packing                  : NO
Slice Utilization Ratio Delta      : 5

=========================================================================


=========================================================================
*                          HDL Parsing                                  *
=========================================================================
Parsing VHDL file "C:\Users\Acer\Desktop\Arquitectura\p6\pila\pila.vhd" into library work
Parsing entity <pila>.
Parsing architecture <Behavioral> of entity <pila>.

=========================================================================
*                            HDL Elaboration                            *
=========================================================================

Elaborating entity <pila> (architecture <Behavioral>) with generics from library <work>.

=========================================================================
*                           HDL Synthesis                               *
=========================================================================

Synthesizing Unit <pila>.
    Related source file is "C:\Users\Acer\Desktop\Arquitectura\p6\pila\pila.vhd".
        n = 8
    Found 11-bit register for signal <aux<0>>.
    Found 11-bit register for signal <aux<1>>.
    Found 11-bit register for signal <aux<2>>.
    Found 11-bit register for signal <aux<3>>.
    Found 11-bit register for signal <aux<4>>.
    Found 11-bit register for signal <aux<5>>.
    Found 11-bit register for signal <aux<6>>.
    Found 11-bit register for signal <aux<7>>.
    Found 3-bit register for signal <SP_OUT>.
    Found 3-bit adder for signal <sp[2]_GND_5_o_add_30_OUT> created at line 41.
    Found 11-bit adder for signal <sp[2]_GND_5_o_add_51_OUT> created at line 47.
    Found 11-bit adder for signal <GND_5_o_GND_5_o_add_63_OUT> created at line 50.
    Found 3-bit subtractor for signal <GND_5_o_GND_5_o_sub_62_OUT<2:0>> created at line 49.
    Found 11-bit 8-to-1 multiplexer for signal <n0237> created at line 50.
    Found 11-bit 8-to-1 multiplexer for signal <BUS_PC> created at line 55.
    Summary:
	inferred   4 Adder/Subtractor(s).
	inferred  91 D-type flip-flop(s).
	inferred  35 Multiplexer(s).
Unit <pila> synthesized.

=========================================================================
HDL Synthesis Report

Macro Statistics
# Adders/Subtractors                                   : 4
 11-bit adder                                          : 2
 3-bit adder                                           : 1
 3-bit subtractor                                      : 1
# Registers                                            : 9
 11-bit register                                       : 8
 3-bit register                                        : 1
# Multiplexers                                         : 35
 11-bit 2-to-1 multiplexer                             : 32
 11-bit 8-to-1 multiplexer                             : 2
 3-bit 2-to-1 multiplexer                              : 1

=========================================================================

=========================================================================
*                       Advanced HDL Synthesis                          *
=========================================================================


=========================================================================
Advanced HDL Synthesis Report

Macro Statistics
# Adders/Subtractors                                   : 4
 11-bit adder                                          : 2
 3-bit adder                                           : 1
 3-bit subtractor                                      : 1
# Registers                                            : 91
 Flip-Flops                                            : 91
# Multiplexers                                         : 55
 1-bit 8-to-1 multiplexer                              : 22
 11-bit 2-to-1 multiplexer                             : 32
 3-bit 2-to-1 multiplexer                              : 1

=========================================================================

=========================================================================
*                         Low Level Synthesis                           *
=========================================================================

Optimizing unit <pila> ...

Mapping all equations...
Building and optimizing final netlist ...
Found area constraint ratio of 100 (+ 5) on block pila, actual ratio is 0.

Final Macro Processing ...

=========================================================================
Final Register Report

Macro Statistics
# Registers                                            : 91
 Flip-Flops                                            : 91

=========================================================================

=========================================================================
*                           Partition Report                            *
=========================================================================

Partition Implementation Status
-------------------------------

  No Partitions were found in this design.

-------------------------------

=========================================================================
*                            Design Summary                             *
=========================================================================

Top Level Output File Name         : pila.ngc

Primitive and Black Box Usage:
------------------------------
# BELS                             : 125
#      INV                         : 1
#      LUT2                        : 2
#      LUT3                        : 10
#      LUT4                        : 1
#      LUT5                        : 8
#      LUT6                        : 79
#      MUXF7                       : 24
# FlipFlops/Latches                : 91
#      FDCE                        : 91
# Clock Buffers                    : 1
#      BUFGP                       : 1
# IO Buffers                       : 29
#      IBUF                        : 15
#      OBUF                        : 14

Device utilization summary:
---------------------------

Selected Device : 7a100tcsg324-3 


Slice Logic Utilization: 
 Number of Slice Registers:              91  out of  126800     0%  
 Number of Slice LUTs:                  101  out of  63400     0%  
    Number used as Logic:               101  out of  63400     0%  

Slice Logic Distribution: 
 Number of LUT Flip Flop pairs used:    153
   Number with an unused Flip Flop:      62  out of    153    40%  
   Number with an unused LUT:            52  out of    153    33%  
   Number of fully used LUT-FF pairs:    39  out of    153    25%  
   Number of unique control sets:         9

IO Utilization: 
 Number of IOs:                          30
 Number of bonded IOBs:                  30  out of    210    14%  

Specific Feature Utilization:
 Number of BUFG/BUFGCTRLs:                1  out of     32     3%  

---------------------------
Partition Resource Summary:
---------------------------

  No Partitions were found in this design.

---------------------------


=========================================================================
Timing Report

NOTE: THESE TIMING NUMBERS ARE ONLY A SYNTHESIS ESTIMATE.
      FOR ACCURATE TIMING INFORMATION PLEASE REFER TO THE TRACE REPORT
      GENERATED AFTER PLACE-and-ROUTE.

Clock Information:
------------------
-----------------------------------+------------------------+-------+
Clock Signal                       | Clock buffer(FF name)  | Load  |
-----------------------------------+------------------------+-------+
CLK                                | BUFGP                  | 91    |
-----------------------------------+------------------------+-------+

Asynchronous Control Signals Information:
----------------------------------------
No asynchronous control signals found in this design

Timing Summary:
---------------
Speed Grade: -3

   Minimum period: 3.046ns (Maximum Frequency: 328.289MHz)
   Minimum input arrival time before clock: 2.525ns
   Maximum output required time after clock: 1.751ns
   Maximum combinational path delay: No path found

Timing Details:
---------------
All values displayed in nanoseconds (ns)

=========================================================================
Timing constraint: Default period analysis for Clock 'CLK'
  Clock period: 3.046ns (frequency: 328.289MHz)
  Total number of paths / destination ports: 16255 / 182
-------------------------------------------------------------------------
Delay:               3.046ns (Levels of Logic = 5)
  Source:            aux_4_5 (FF)
  Destination:       aux_1_8 (FF)
  Source Clock:      CLK rising
  Destination Clock: CLK rising

  Data Path: aux_4_5 to aux_1_8
                                Gate     Net
    Cell:in->out      fanout   Delay   Delay  Logical Name (Net Name)
    ----------------------------------------  ------------
     FDCE:C->Q             2   0.361   0.698  aux_4_5 (aux_4_5)
     LUT6:I0->O            1   0.097   0.000  mux17_3 (mux17_3)
     MUXF7:I1->O           3   0.279   0.703  mux17_2_f7 (BUS_PC_5_OBUF)
     LUT6:I0->O            5   0.097   0.314  Madd_sp[2]_GND_5_o_add_51_OUT_cy<5>11 (Madd_sp[2]_GND_5_o_add_51_OUT_cy<5>)
     LUT6:I5->O            1   0.097   0.295  aux[0][10]_aux[0][10]_mux_110_OUT<8>2 (aux[0][10]_aux[0][10]_mux_110_OUT<8>2)
     LUT6:I5->O            8   0.097   0.000  aux[0][10]_aux[0][10]_mux_110_OUT<8>4 (aux[0][10]_aux[0][10]_mux_110_OUT<8>)
     FDCE:D                    0.008          aux_0_8
    ----------------------------------------
    Total                      3.046ns (1.036ns logic, 2.010ns route)
                                       (34.0% logic, 66.0% route)

=========================================================================
Timing constraint: Default OFFSET IN BEFORE for Clock 'CLK'
  Total number of paths / destination ports: 1514 / 272
-------------------------------------------------------------------------
Offset:              2.525ns (Levels of Logic = 4)
  Source:            DW (PAD)
  Destination:       aux_1_7 (FF)
  Destination Clock: CLK rising

  Data Path: DW to aux_1_7
                                Gate     Net
    Cell:in->out      fanout   Delay   Delay  Logical Name (Net Name)
    ----------------------------------------  ------------
     IBUF:I->O            26   0.001   0.799  DW_IBUF (DW_IBUF)
     LUT6:I0->O           14   0.097   0.743  aux[0][10]_aux[0][10]_mux_110_OUT<1>2 (aux[0][10]_aux[0][10]_mux_110_OUT<10>5)
     LUT6:I1->O            1   0.097   0.683  aux[0][10]_aux[0][10]_mux_110_OUT<7>2_SW1 (N18)
     LUT6:I1->O            8   0.097   0.000  aux[0][10]_aux[0][10]_mux_110_OUT<7>4 (aux[0][10]_aux[0][10]_mux_110_OUT<7>)
     FDCE:D                    0.008          aux_0_7
    ----------------------------------------
    Total                      2.525ns (0.300ns logic, 2.225ns route)
                                       (11.9% logic, 88.1% route)

=========================================================================
Timing constraint: Default OFFSET OUT AFTER for Clock 'CLK'
  Total number of paths / destination ports: 146 / 14
-------------------------------------------------------------------------
Offset:              1.751ns (Levels of Logic = 3)
  Source:            aux_4_7 (FF)
  Destination:       BUS_PC<7> (PAD)
  Source Clock:      CLK rising

  Data Path: aux_4_7 to BUS_PC<7>
                                Gate     Net
    Cell:in->out      fanout   Delay   Delay  Logical Name (Net Name)
    ----------------------------------------  ------------
     FDCE:C->Q             2   0.361   0.697  aux_4_7 (aux_4_7)
     LUT6:I0->O            1   0.097   0.000  mux19_3 (mux19_3)
     MUXF7:I1->O           9   0.279   0.316  mux19_2_f7 (BUS_PC_7_OBUF)
     OBUF:I->O                 0.000          BUS_PC_7_OBUF (BUS_PC<7>)
    ----------------------------------------
    Total                      1.751ns (0.737ns logic, 1.014ns route)
                                       (42.1% logic, 57.9% route)

=========================================================================

Cross Clock Domains Report:
--------------------------

Clock to Setup on destination clock CLK
---------------+---------+---------+---------+---------+
               | Src:Rise| Src:Fall| Src:Rise| Src:Fall|
Source Clock   |Dest:Rise|Dest:Rise|Dest:Fall|Dest:Fall|
---------------+---------+---------+---------+---------+
CLK            |    3.046|         |         |         |
---------------+---------+---------+---------+---------+

=========================================================================


Total REAL time to Xst completion: 55.00 secs
Total CPU time to Xst completion: 55.03 secs
 
--> 

Total memory usage is 274496 kilobytes

Number of errors   :    0 (   0 filtered)
Number of warnings :    0 (   0 filtered)
Number of infos    :    0 (   0 filtered)

