#-----------------------------------------------------------
# Vivado v2017.4 (64-bit)
# SW Build 2086221 on Fri Dec 15 20:55:39 MST 2017
# IP Build 2085800 on Fri Dec 15 22:25:07 MST 2017
# Start of session at: Mon May 14 03:21:59 2018
# Process ID: 27812
# Current directory: C:/Users/geoge/Desktop/Arquitectura/Arquitectura/Practica1
# Command line: vivado.exe -gui_launcher_event rodinguilauncherevent24956 C:\Users\geoge\Desktop\Arquitectura\Arquitectura\Practica1\Practica1.xpr
# Log file: C:/Users/geoge/Desktop/Arquitectura/Arquitectura/Practica1/vivado.log
# Journal file: C:/Users/geoge/Desktop/Arquitectura/Arquitectura/Practica1\vivado.jou
#-----------------------------------------------------------
start_gui
open_project C:/Users/geoge/Desktop/Arquitectura/Arquitectura/Practica1/Practica1.xpr
update_compile_order -fileset sources_1
synth_design -rtl -name rtl_1
close_project
open_project C:/Users/geoge/Desktop/Arquitectura/Arquitectura/Prac2_1/Prac2_1.xpr
update_compile_order -fileset sources_1
synth_design -rtl -name rtl_1
