Release 14.7 - xst P.20131013 (nt)
Copyright (c) 1995-2013 Xilinx, Inc.  All rights reserved.
--> Parameter TMPDIR set to xst/projnav.tmp


Total REAL time to Xst completion: 2.00 secs
Total CPU time to Xst completion: 1.90 secs
 
--> Parameter xsthdpdir set to xst


Total REAL time to Xst completion: 2.00 secs
Total CPU time to Xst completion: 1.92 secs
 
--> Reading design: p5.prj

TABLE OF CONTENTS
  1) Synthesis Options Summary
  2) HDL Parsing
  3) HDL Elaboration
  4) HDL Synthesis
       4.1) HDL Synthesis Report
  5) Advanced HDL Synthesis
       5.1) Advanced HDL Synthesis Report
  6) Low Level Synthesis
  7) Partition Report
  8) Design Summary
       8.1) Primitive and Black Box Usage
       8.2) Device utilization summary
       8.3) Partition Resource Summary
       8.4) Timing Report
            8.4.1) Clock Information
            8.4.2) Asynchronous Control Signals Information
            8.4.3) Timing Summary
            8.4.4) Timing Details
            8.4.5) Cross Clock Domains Report


=========================================================================
*                      Synthesis Options Summary                        *
=========================================================================
---- Source Parameters
Input File Name                    : "p5.prj"
Ignore Synthesis Constraint File   : NO

---- Target Parameters
Output File Name                   : "p5"
Output Format                      : NGC
Target Device                      : xc7a100t-3-csg324

---- Source Options
Top Module Name                    : p5
Automatic FSM Extraction           : YES
FSM Encoding Algorithm             : Auto
Safe Implementation                : No
FSM Style                          : LUT
RAM Extraction                     : Yes
RAM Style                          : Auto
ROM Extraction                     : Yes
Shift Register Extraction          : YES
ROM Style                          : Auto
Resource Sharing                   : YES
Asynchronous To Synchronous        : NO
Shift Register Minimum Size        : 2
Use DSP Block                      : Auto
Automatic Register Balancing       : No

---- Target Options
LUT Combining                      : Auto
Reduce Control Sets                : Auto
Add IO Buffers                     : YES
Global Maximum Fanout              : 100000
Add Generic Clock Buffer(BUFG)     : 32
Register Duplication               : YES
Optimize Instantiated Primitives   : NO
Use Clock Enable                   : Auto
Use Synchronous Set                : Auto
Use Synchronous Reset              : Auto
Pack IO Registers into IOBs        : Auto
Equivalent register Removal        : YES

---- General Options
Optimization Goal                  : Speed
Optimization Effort                : 1
Power Reduction                    : NO
Keep Hierarchy                     : No
Netlist Hierarchy                  : As_Optimized
RTL Output                         : Yes
Global Optimization                : AllClockNets
Read Cores                         : YES
Write Timing Constraints           : NO
Cross Clock Analysis               : NO
Hierarchy Separator                : /
Bus Delimiter                      : <>
Case Specifier                     : Maintain
Slice Utilization Ratio            : 100
BRAM Utilization Ratio             : 100
DSP48 Utilization Ratio            : 100
Auto BRAM Packing                  : NO
Slice Utilization Ratio Delta      : 5

=========================================================================


=========================================================================
*                          HDL Parsing                                  *
=========================================================================
Parsing VHDL file "C:\Users\Acer\Desktop\Arquitectura\p5\p5\p5.vhd" into library work
Parsing entity <p5>.
Parsing architecture <Behavioral> of entity <p5>.

=========================================================================
*                            HDL Elaboration                            *
=========================================================================

Elaborating entity <p5> (architecture <Behavioral>) with generics from library <work>.

=========================================================================
*                           HDL Synthesis                               *
=========================================================================

Synthesizing Unit <p5>.
    Related source file is "C:\Users\Acer\Desktop\Arquitectura\p5\p5\p5.vhd".
        bus_dir = 11
        bus_datos = 16
    Found 2048x16-bit single-port RAM <Mram_aux> for signal <aux>.
    Summary:
	inferred   1 RAM(s).
Unit <p5> synthesized.

=========================================================================
HDL Synthesis Report

Macro Statistics
# RAMs                                                 : 1
 2048x16-bit single-port RAM                           : 1

=========================================================================

=========================================================================
*                       Advanced HDL Synthesis                          *
=========================================================================


Synthesizing (advanced) Unit <p5>.
INFO:Xst:3218 - HDL ADVISOR - The RAM <Mram_aux> will be implemented on LUTs either because you have described an asynchronous read or because of currently unsupported block RAM features. If you have described an asynchronous read, making it synchronous would allow you to take advantage of available block RAM resources, for optimized device usage and improved timings. Please refer to your documentation for coding guidelines.
    -----------------------------------------------------------------------
    | ram_type           | Distributed                         |          |
    -----------------------------------------------------------------------
    | Port A                                                              |
    |     aspect ratio   | 2048-word x 16-bit                  |          |
    |     clkA           | connected to signal <clk>           | rise     |
    |     weA            | connected to signal <wd>            | high     |
    |     addrA          | connected to signal <dir_w>         |          |
    |     diA            | connected to signal <data_in>       |          |
    |     doA            | connected to signal <data_out>      |          |
    -----------------------------------------------------------------------
Unit <p5> synthesized (advanced).

=========================================================================
Advanced HDL Synthesis Report

Macro Statistics
# RAMs                                                 : 1
 2048x16-bit single-port distributed RAM               : 1

=========================================================================

=========================================================================
*                         Low Level Synthesis                           *
=========================================================================

Optimizing unit <p5> ...

Mapping all equations...
Building and optimizing final netlist ...
Found area constraint ratio of 100 (+ 5) on block p5, actual ratio is 0.

Final Macro Processing ...

=========================================================================
Final Register Report

Found no macro
=========================================================================

=========================================================================
*                           Partition Report                            *
=========================================================================

Partition Implementation Status
-------------------------------

  No Partitions were found in this design.

-------------------------------

=========================================================================
*                            Design Summary                             *
=========================================================================

Top Level Output File Name         : p5.ngc

Primitive and Black Box Usage:
------------------------------
# BELS                             : 56
#      LUT4                        : 8
#      LUT6                        : 32
#      MUXF7                       : 16
# RAMS                             : 128
#      RAM256X1S                   : 128
# Clock Buffers                    : 1
#      BUFGP                       : 1
# IO Buffers                       : 44
#      IBUF                        : 28
#      OBUF                        : 16

Device utilization summary:
---------------------------

Selected Device : 7a100tcsg324-3 


Slice Logic Utilization: 
 Number of Slice LUTs:                  552  out of  63400     0%  
    Number used as Logic:                40  out of  63400     0%  
    Number used as Memory:              512  out of  19000     2%  
       Number used as RAM:              512

Slice Logic Distribution: 
 Number of LUT Flip Flop pairs used:    552
   Number with an unused Flip Flop:     552  out of    552   100%  
   Number with an unused LUT:             0  out of    552     0%  
   Number of fully used LUT-FF pairs:     0  out of    552     0%  
   Number of unique control sets:         0

IO Utilization: 
 Number of IOs:                          45
 Number of bonded IOBs:                  45  out of    210    21%  

Specific Feature Utilization:
 Number of BUFG/BUFGCTRLs:                1  out of     32     3%  

---------------------------
Partition Resource Summary:
---------------------------

  No Partitions were found in this design.

---------------------------


=========================================================================
Timing Report

NOTE: THESE TIMING NUMBERS ARE ONLY A SYNTHESIS ESTIMATE.
      FOR ACCURATE TIMING INFORMATION PLEASE REFER TO THE TRACE REPORT
      GENERATED AFTER PLACE-and-ROUTE.

Clock Information:
------------------
-----------------------------------+------------------------+-------+
Clock Signal                       | Clock buffer(FF name)  | Load  |
-----------------------------------+------------------------+-------+
clk                                | BUFGP                  | 128   |
-----------------------------------+------------------------+-------+

Asynchronous Control Signals Information:
----------------------------------------
No asynchronous control signals found in this design

Timing Summary:
---------------
Speed Grade: -3

   Minimum period: No path found
   Minimum input arrival time before clock: 1.518ns
   Maximum output required time after clock: 2.777ns
   Maximum combinational path delay: 1.458ns

Timing Details:
---------------
All values displayed in nanoseconds (ns)

=========================================================================
Timing constraint: Default OFFSET IN BEFORE for Clock 'clk'
  Total number of paths / destination ports: 1664 / 1280
-------------------------------------------------------------------------
Offset:              1.518ns (Levels of Logic = 2)
  Source:            dir_w<8> (PAD)
  Destination:       Mram_aux2 (RAM)
  Destination Clock: clk rising

  Data Path: dir_w<8> to Mram_aux2
                                Gate     Net
    Cell:in->out      fanout   Delay   Delay  Logical Name (Net Name)
    ----------------------------------------  ------------
     IBUF:I->O            40   0.001   0.664  dir_w_8_IBUF (dir_w_8_IBUF)
     LUT4:I0->O           16   0.097   0.348  write_ctrl1 (write_ctrl1)
     RAM256X1S:WE              0.408          Mram_aux2
    ----------------------------------------
    Total                      1.518ns (0.506ns logic, 1.012ns route)
                                       (33.3% logic, 66.7% route)

=========================================================================
Timing constraint: Default OFFSET OUT AFTER for Clock 'clk'
  Total number of paths / destination ports: 128 / 16
-------------------------------------------------------------------------
Offset:              2.777ns (Levels of Logic = 3)
  Source:            Mram_aux127 (RAM)
  Destination:       data_out<15> (PAD)
  Source Clock:      clk rising

  Data Path: Mram_aux127 to data_out<15>
                                Gate     Net
    Cell:in->out      fanout   Delay   Delay  Logical Name (Net Name)
    ----------------------------------------  ------------
     RAM256X1S:WCLK->O     1   1.565   0.556  Mram_aux127 (N262)
     LUT6:I2->O            1   0.097   0.000  inst_LPM_MUX15_3 (inst_LPM_MUX15_3)
     MUXF7:I1->O           1   0.279   0.279  inst_LPM_MUX15_2_f7 (data_out_15_OBUF)
     OBUF:I->O                 0.000          data_out_15_OBUF (data_out<15>)
    ----------------------------------------
    Total                      2.777ns (1.941ns logic, 0.836ns route)
                                       (69.9% logic, 30.1% route)

=========================================================================
Timing constraint: Default path analysis
  Total number of paths / destination ports: 80 / 16
-------------------------------------------------------------------------
Delay:               1.458ns (Levels of Logic = 4)
  Source:            dir_w<9> (PAD)
  Destination:       data_out<15> (PAD)

  Data Path: dir_w<9> to data_out<15>
                                Gate     Net
    Cell:in->out      fanout   Delay   Delay  Logical Name (Net Name)
    ----------------------------------------  ------------
     IBUF:I->O            40   0.001   0.801  dir_w_9_IBUF (dir_w_9_IBUF)
     LUT6:I0->O            1   0.097   0.000  inst_LPM_MUX1_3 (inst_LPM_MUX1_3)
     MUXF7:I1->O           1   0.279   0.279  inst_LPM_MUX1_2_f7 (data_out_1_OBUF)
     OBUF:I->O                 0.000          data_out_1_OBUF (data_out<1>)
    ----------------------------------------
    Total                      1.458ns (0.377ns logic, 1.081ns route)
                                       (25.9% logic, 74.1% route)

=========================================================================

Cross Clock Domains Report:
--------------------------

=========================================================================


Total REAL time to Xst completion: 56.00 secs
Total CPU time to Xst completion: 56.15 secs
 
--> 

Total memory usage is 300864 kilobytes

Number of errors   :    0 (   0 filtered)
Number of warnings :    0 (   0 filtered)
Number of infos    :    1 (   0 filtered)

